// Jest Snapshot v1, https://goo.gl/fbAQLP

exports[`Interaction should simulate onClick 1`] = `
<View
  pointerEvents="box-none"
  style={
    Object {
      "flex": 1,
    }
  }
>
  <View
    collapsable={true}
    pointerEvents="box-none"
    style={
      Object {
        "flex": 1,
      }
    }
  >
    <View
      style={
        Object {
          "flex": 1,
        }
      }
    >
      <View
        style={
          Array [
            Object {
              "alignItems": "flex-start",
              "borderBottomColor": "#E6E6E6",
              "borderBottomWidth": 1,
              "flexDirection": "column",
              "flexWrap": "wrap",
              "justifyContent": "flex-start",
              "minHeight": 360,
              "paddingBottom": 0,
              "paddingLeft": 22,
              "paddingRight": 22,
              "paddingTop": 0,
              "width": "100%",
            },
          ]
        }
      >
        <View
          style={
            Array [
              Object {
                "alignItems": "center",
                "flexDirection": "row",
                "height": 68,
                "justifyContent": "flex-start",
                "width": "100%",
              },
            ]
          }
        >
          <TouchableOpacity
            activeOpacity={0.7}
            style={
              Object {
                "flexDirection": "row",
              }
            }
          >
            <Image
              source={
                Object {
                  "canInstrument": true,
                  "createTransformer": [Function],
                  "getCacheKey": [Function],
                  "process": [Function],
                }
              }
              style={
                Object {
                  "borderRadius": 18,
                  "height": 36,
                  "width": 36,
                }
              }
            />
            <View
              style={
                Array [
                  Object {
                    "flexDirection": "column",
                    "justifyContent": "center",
                  },
                  Object {
                    "marginLeft": 6,
                  },
                ]
              }
            >
              <Text
                style={
                  Array [
                    Object {
                      "color": "black",
                      "fontSize": 14,
                    },
                    Object {
                      "fontWeight": "bold",
                    },
                  ]
                }
              >
                unnamed
              </Text>
              <Text
                style={
                  Array [
                    Object {
                      "color": "black",
                      "fontSize": 14,
                    },
                    Object {
                      "color": "#808080",
                      "fontSize": 12,
                      "marginTop": 6,
                    },
                  ]
                }
              >
                
              </Text>
            </View>
          </TouchableOpacity>
          <SvgMock
            fill="#1E6EFA"
            height={24}
            style={
              Object {
                "position": "absolute",
                "right": 36,
              }
            }
            width={24}
          />
          <TouchableOpacity
            activeOpacity={0.7}
            style={
              Object {
                "position": "absolute",
                "right": 0,
              }
            }
          >
            <Image
              source={
                Object {
                  "canInstrument": true,
                  "createTransformer": [Function],
                  "getCacheKey": [Function],
                  "process": [Function],
                }
              }
              style={
                Object {
                  "height": 24,
                  "width": 24,
                }
              }
            />
          </TouchableOpacity>
        </View>
        <Text
          numberOfLines={5}
          style={
            Array [
              Object {
                "color": "black",
                "fontSize": 14,
              },
            ]
          }
        >
          string
        </Text>
        <View
          style={
            Object {
              "width": "100%",
            }
          }
        >
          <ScrollView
            horizontal={true}
            style={
              Object {
                "marginVertical": 10,
              }
            }
          >
            <Image
              source={
                Object {
                  "uri": "url1",
                }
              }
              style={
                Object {
                  "borderRadius": 16,
                  "height": 240,
                  "marginRight": 10,
                  "width": 331,
                }
              }
            />
            <Image
              source={
                Object {
                  "uri": "url2",
                }
              }
              style={
                Object {
                  "borderRadius": 16,
                  "height": 240,
                  "marginRight": 10,
                  "width": 331,
                }
              }
            />
          </ScrollView>
        </View>
        <View
          style={
            Array [
              Object {
                "alignItems": "center",
                "flexDirection": "row",
              },
              Object {
                "alignSelf": "stretch",
                "justifyContent": "space-between",
                "marginBottom": 16,
                "marginTop": 12,
              },
            ]
          }
        >
          <View
            style={
              Object {
                "flexDirection": "row",
              }
            }
          >
            <TouchableOpacity
              activeOpacity={0.7}
              style={
                Object {
                  "marginRight": 10,
                }
              }
            >
              <View
                style={
                  Array [
                    Object {
                      "alignItems": "center",
                      "borderColor": "#E6E6E6",
                      "borderRadius": 100,
                      "borderStyle": "solid",
                      "borderWidth": 1,
                      "flexDirection": "row",
                      "justifyContent": "center",
                      "paddingBottom": 11,
                      "paddingLeft": 11,
                      "paddingRight": 11,
                      "paddingTop": 11,
                      "shadowColor": "rgba(0, 0, 0, 0.06)",
                      "shadowOffset": Object {
                        "height": 2,
                        "width": 2,
                      },
                      "shadowOpacity": 1,
                      "shadowRadius": 4,
                    },
                    null,
                  ]
                }
              >
                <Image
                  source={
                    Object {
                      "canInstrument": true,
                      "createTransformer": [Function],
                      "getCacheKey": [Function],
                      "process": [Function],
                    }
                  }
                  style={
                    Object {
                      "height": 18,
                      "width": 18,
                    }
                  }
                />
                <Text
                  style={
                    Array [
                      Object {
                        "color": "black",
                        "fontSize": 14,
                      },
                      Object {
                        "marginLeft": 3,
                      },
                    ]
                  }
                >
                  0
                </Text>
              </View>
            </TouchableOpacity>
            <TouchableOpacity
              activeOpacity={0.7}
              style={
                Object {
                  "marginRight": 10,
                }
              }
            >
              <View
                style={
                  Array [
                    Object {
                      "alignItems": "center",
                      "borderColor": "#E6E6E6",
                      "borderRadius": 100,
                      "borderStyle": "solid",
                      "borderWidth": 1,
                      "flexDirection": "row",
                      "justifyContent": "center",
                      "paddingBottom": 11,
                      "paddingLeft": 11,
                      "paddingRight": 11,
                      "paddingTop": 11,
                      "shadowColor": "rgba(0, 0, 0, 0.06)",
                      "shadowOffset": Object {
                        "height": 2,
                        "width": 2,
                      },
                      "shadowOpacity": 1,
                      "shadowRadius": 4,
                    },
                    null,
                  ]
                }
              >
                <Image
                  source={
                    Object {
                      "canInstrument": true,
                      "createTransformer": [Function],
                      "getCacheKey": [Function],
                      "process": [Function],
                    }
                  }
                  style={
                    Object {
                      "height": 18,
                      "width": 18,
                    }
                  }
                />
                <Text
                  style={
                    Array [
                      Object {
                        "color": "black",
                        "fontSize": 14,
                      },
                      Object {
                        "marginLeft": 3,
                      },
                    ]
                  }
                >
                  0
                </Text>
              </View>
            </TouchableOpacity>
          </View>
          <View />
          <View
            style={
              Object {
                "flexDirection": "row",
              }
            }
          >
            <TouchableOpacity
              activeOpacity={0.7}
              style={
                Object {
                  "marginRight": 10,
                }
              }
            >
              <View
                style={
                  Array [
                    Object {
                      "alignItems": "center",
                      "borderColor": "#E6E6E6",
                      "borderRadius": 100,
                      "borderStyle": "solid",
                      "borderWidth": 1,
                      "flexDirection": "row",
                      "justifyContent": "center",
                      "paddingBottom": 11,
                      "paddingLeft": 11,
                      "paddingRight": 11,
                      "paddingTop": 11,
                      "shadowColor": "rgba(0, 0, 0, 0.06)",
                      "shadowOffset": Object {
                        "height": 2,
                        "width": 2,
                      },
                      "shadowOpacity": 1,
                      "shadowRadius": 4,
                    },
                  ]
                }
              >
                <Image
                  source={
                    Object {
                      "canInstrument": true,
                      "createTransformer": [Function],
                      "getCacheKey": [Function],
                      "process": [Function],
                    }
                  }
                  style={
                    Object {
                      "height": 18,
                      "width": 18,
                    }
                  }
                />
                <Text
                  style={
                    Array [
                      Object {
                        "color": "black",
                        "fontSize": 14,
                      },
                      Object {
                        "marginLeft": 3,
                      },
                    ]
                  }
                >
                  0
                </Text>
              </View>
            </TouchableOpacity>
            <TouchableOpacity
              activeOpacity={0.7}
            >
              <View
                style={
                  Array [
                    Object {
                      "alignItems": "center",
                      "borderColor": "#E6E6E6",
                      "borderRadius": 100,
                      "borderStyle": "solid",
                      "borderWidth": 1,
                      "flexDirection": "row",
                      "justifyContent": "center",
                      "paddingBottom": 11,
                      "paddingLeft": 11,
                      "paddingRight": 11,
                      "paddingTop": 11,
                      "shadowColor": "rgba(0, 0, 0, 0.06)",
                      "shadowOffset": Object {
                        "height": 2,
                        "width": 2,
                      },
                      "shadowOpacity": 1,
                      "shadowRadius": 4,
                    },
                  ]
                }
              >
                <Image
                  source={
                    Object {
                      "canInstrument": true,
                      "createTransformer": [Function],
                      "getCacheKey": [Function],
                      "process": [Function],
                    }
                  }
                  style={
                    Object {
                      "height": 18,
                      "width": 18,
                    }
                  }
                />
                <Text
                  style={
                    Array [
                      Object {
                        "color": "black",
                        "fontSize": 14,
                      },
                      Object {
                        "marginLeft": 3,
                      },
                    ]
                  }
                >
                  0
                </Text>
              </View>
            </TouchableOpacity>
          </View>
        </View>
      </View>
    </View>
  </View>
</View>
`;

exports[`Rendering renders without crashing 1`] = `
<View
  pointerEvents="box-none"
  style={
    Object {
      "flex": 1,
    }
  }
>
  <View
    collapsable={true}
    pointerEvents="box-none"
    style={
      Object {
        "flex": 1,
      }
    }
  >
    <View
      style={
        Object {
          "flex": 1,
        }
      }
    >
      <View
        style={
          Array [
            Object {
              "alignItems": "flex-start",
              "borderBottomColor": "#E6E6E6",
              "borderBottomWidth": 1,
              "flexDirection": "column",
              "flexWrap": "wrap",
              "justifyContent": "flex-start",
              "minHeight": 360,
              "paddingBottom": 0,
              "paddingLeft": 22,
              "paddingRight": 22,
              "paddingTop": 0,
              "width": "100%",
            },
          ]
        }
      >
        <View
          style={
            Array [
              Object {
                "alignItems": "center",
                "flexDirection": "row",
                "height": 68,
                "justifyContent": "flex-start",
                "width": "100%",
              },
            ]
          }
        >
          <TouchableOpacity
            activeOpacity={0.7}
            style={
              Object {
                "flexDirection": "row",
              }
            }
          >
            <Image
              source={
                Object {
                  "canInstrument": true,
                  "createTransformer": [Function],
                  "getCacheKey": [Function],
                  "process": [Function],
                }
              }
              style={
                Object {
                  "borderRadius": 18,
                  "height": 36,
                  "width": 36,
                }
              }
            />
            <View
              style={
                Array [
                  Object {
                    "flexDirection": "column",
                    "justifyContent": "center",
                  },
                  Object {
                    "marginLeft": 6,
                  },
                ]
              }
            >
              <Text
                style={
                  Array [
                    Object {
                      "color": "black",
                      "fontSize": 14,
                    },
                    Object {
                      "fontWeight": "bold",
                    },
                  ]
                }
              >
                unnamed
              </Text>
              <Text
                style={
                  Array [
                    Object {
                      "color": "black",
                      "fontSize": 14,
                    },
                    Object {
                      "color": "#808080",
                      "fontSize": 12,
                      "marginTop": 6,
                    },
                  ]
                }
              >
                
              </Text>
            </View>
          </TouchableOpacity>
          <SvgMock
            fill="#1E6EFA"
            height={24}
            style={
              Object {
                "position": "absolute",
                "right": 36,
              }
            }
            width={24}
          />
          <TouchableOpacity
            activeOpacity={0.7}
            style={
              Object {
                "position": "absolute",
                "right": 0,
              }
            }
          >
            <Image
              source={
                Object {
                  "canInstrument": true,
                  "createTransformer": [Function],
                  "getCacheKey": [Function],
                  "process": [Function],
                }
              }
              style={
                Object {
                  "height": 24,
                  "width": 24,
                }
              }
            />
          </TouchableOpacity>
        </View>
        <Text
          numberOfLines={5}
          style={
            Array [
              Object {
                "color": "black",
                "fontSize": 14,
              },
            ]
          }
        >
          string
        </Text>
        <View
          style={
            Object {
              "width": "100%",
            }
          }
        >
          <ScrollView
            horizontal={true}
            style={
              Object {
                "marginVertical": 10,
              }
            }
          >
            <Image
              source={
                Object {
                  "uri": "url1",
                }
              }
              style={
                Object {
                  "borderRadius": 16,
                  "height": 240,
                  "marginRight": 10,
                  "width": 331,
                }
              }
            />
            <Image
              source={
                Object {
                  "uri": "url2",
                }
              }
              style={
                Object {
                  "borderRadius": 16,
                  "height": 240,
                  "marginRight": 10,
                  "width": 331,
                }
              }
            />
          </ScrollView>
        </View>
        <View
          style={
            Array [
              Object {
                "alignItems": "center",
                "flexDirection": "row",
              },
              Object {
                "alignSelf": "stretch",
                "justifyContent": "space-between",
                "marginBottom": 16,
                "marginTop": 12,
              },
            ]
          }
        >
          <View
            style={
              Object {
                "flexDirection": "row",
              }
            }
          >
            <TouchableOpacity
              activeOpacity={0.7}
              style={
                Object {
                  "marginRight": 10,
                }
              }
            >
              <View
                style={
                  Array [
                    Object {
                      "alignItems": "center",
                      "borderColor": "#E6E6E6",
                      "borderRadius": 100,
                      "borderStyle": "solid",
                      "borderWidth": 1,
                      "flexDirection": "row",
                      "justifyContent": "center",
                      "paddingBottom": 11,
                      "paddingLeft": 11,
                      "paddingRight": 11,
                      "paddingTop": 11,
                      "shadowColor": "rgba(0, 0, 0, 0.06)",
                      "shadowOffset": Object {
                        "height": 2,
                        "width": 2,
                      },
                      "shadowOpacity": 1,
                      "shadowRadius": 4,
                    },
                    null,
                  ]
                }
              >
                <Image
                  source={
                    Object {
                      "canInstrument": true,
                      "createTransformer": [Function],
                      "getCacheKey": [Function],
                      "process": [Function],
                    }
                  }
                  style={
                    Object {
                      "height": 18,
                      "width": 18,
                    }
                  }
                />
                <Text
                  style={
                    Array [
                      Object {
                        "color": "black",
                        "fontSize": 14,
                      },
                      Object {
                        "marginLeft": 3,
                      },
                    ]
                  }
                >
                  0
                </Text>
              </View>
            </TouchableOpacity>
            <TouchableOpacity
              activeOpacity={0.7}
              style={
                Object {
                  "marginRight": 10,
                }
              }
            >
              <View
                style={
                  Array [
                    Object {
                      "alignItems": "center",
                      "borderColor": "#E6E6E6",
                      "borderRadius": 100,
                      "borderStyle": "solid",
                      "borderWidth": 1,
                      "flexDirection": "row",
                      "justifyContent": "center",
                      "paddingBottom": 11,
                      "paddingLeft": 11,
                      "paddingRight": 11,
                      "paddingTop": 11,
                      "shadowColor": "rgba(0, 0, 0, 0.06)",
                      "shadowOffset": Object {
                        "height": 2,
                        "width": 2,
                      },
                      "shadowOpacity": 1,
                      "shadowRadius": 4,
                    },
                    null,
                  ]
                }
              >
                <Image
                  source={
                    Object {
                      "canInstrument": true,
                      "createTransformer": [Function],
                      "getCacheKey": [Function],
                      "process": [Function],
                    }
                  }
                  style={
                    Object {
                      "height": 18,
                      "width": 18,
                    }
                  }
                />
                <Text
                  style={
                    Array [
                      Object {
                        "color": "black",
                        "fontSize": 14,
                      },
                      Object {
                        "marginLeft": 3,
                      },
                    ]
                  }
                >
                  0
                </Text>
              </View>
            </TouchableOpacity>
          </View>
          <View />
          <View
            style={
              Object {
                "flexDirection": "row",
              }
            }
          >
            <TouchableOpacity
              activeOpacity={0.7}
              style={
                Object {
                  "marginRight": 10,
                }
              }
            >
              <View
                style={
                  Array [
                    Object {
                      "alignItems": "center",
                      "borderColor": "#E6E6E6",
                      "borderRadius": 100,
                      "borderStyle": "solid",
                      "borderWidth": 1,
                      "flexDirection": "row",
                      "justifyContent": "center",
                      "paddingBottom": 11,
                      "paddingLeft": 11,
                      "paddingRight": 11,
                      "paddingTop": 11,
                      "shadowColor": "rgba(0, 0, 0, 0.06)",
                      "shadowOffset": Object {
                        "height": 2,
                        "width": 2,
                      },
                      "shadowOpacity": 1,
                      "shadowRadius": 4,
                    },
                  ]
                }
              >
                <Image
                  source={
                    Object {
                      "canInstrument": true,
                      "createTransformer": [Function],
                      "getCacheKey": [Function],
                      "process": [Function],
                    }
                  }
                  style={
                    Object {
                      "height": 18,
                      "width": 18,
                    }
                  }
                />
                <Text
                  style={
                    Array [
                      Object {
                        "color": "black",
                        "fontSize": 14,
                      },
                      Object {
                        "marginLeft": 3,
                      },
                    ]
                  }
                >
                  0
                </Text>
              </View>
            </TouchableOpacity>
            <TouchableOpacity
              activeOpacity={0.7}
            >
              <View
                style={
                  Array [
                    Object {
                      "alignItems": "center",
                      "borderColor": "#E6E6E6",
                      "borderRadius": 100,
                      "borderStyle": "solid",
                      "borderWidth": 1,
                      "flexDirection": "row",
                      "justifyContent": "center",
                      "paddingBottom": 11,
                      "paddingLeft": 11,
                      "paddingRight": 11,
                      "paddingTop": 11,
                      "shadowColor": "rgba(0, 0, 0, 0.06)",
                      "shadowOffset": Object {
                        "height": 2,
                        "width": 2,
                      },
                      "shadowOpacity": 1,
                      "shadowRadius": 4,
                    },
                  ]
                }
              >
                <Image
                  source={
                    Object {
                      "canInstrument": true,
                      "createTransformer": [Function],
                      "getCacheKey": [Function],
                      "process": [Function],
                    }
                  }
                  style={
                    Object {
                      "height": 18,
                      "width": 18,
                    }
                  }
                />
                <Text
                  style={
                    Array [
                      Object {
                        "color": "black",
                        "fontSize": 14,
                      },
                      Object {
                        "marginLeft": 3,
                      },
                    ]
                  }
                >
                  0
                </Text>
              </View>
            </TouchableOpacity>
          </View>
        </View>
      </View>
    </View>
  </View>
</View>
`;
