// Jest Snapshot v1, https://goo.gl/fbAQLP

exports[`Interaction should simulate onClick 1`] = `
<View
  pointerEvents="box-none"
  style={
    Object {
      "flex": 1,
    }
  }
>
  <View
    collapsable={true}
    pointerEvents="box-none"
    style={
      Object {
        "flex": 1,
      }
    }
  >
    <View
      style={
        Object {
          "flex": 1,
        }
      }
    >
      <SafeAreaView
        style={
          Array [
            Object {
              "backgroundColor": "#ffffff",
              "flexBasis": 0,
              "flexGrow": 1,
              "flexShrink": 1,
              "width": "100%",
            },
          ]
        }
      >
        <View
          style={
            Array [
              Array [
                Object {
                  "alignItems": "flex-start",
                  "alignSelf": "stretch",
                  "flexBasis": 0,
                  "flexDirection": "column",
                  "flexGrow": 1,
                  "flexShrink": 1,
                  "justifyContent": "flex-start",
                },
              ],
              Object {
                "paddingBottom": 0,
              },
            ]
          }
        >
          <ScrollView
            ListHeaderComponent={
              <FeedListItem
                activity={
                  Object {
                    "id": "string",
                    "text": "string",
                    "urls": Array [],
                    "writerId": "string",
                  }
                }
                hideMoreIcon={true}
                hideTools={true}
              />
            }
            data={Array []}
            disableVirtualization={false}
            horizontal={false}
            initialNumToRender={10}
            maxToRenderPerBatch={10}
            onEndReachedThreshold={2}
            removeClippedSubviews={false}
            scrollEventThrottle={50}
            stickyHeaderIndices={Array []}
            style={
              Object {
                "width": "100%",
              }
            }
            updateCellsBatchingPeriod={50}
            viewabilityConfigCallbackPairs={Array []}
            windowSize={21}
          >
            <View>
              <View
                style={
                  Array [
                    Object {
                      "alignItems": "flex-start",
                      "borderBottomColor": "#E6E6E6",
                      "borderBottomWidth": 1,
                      "flexDirection": "column",
                      "flexWrap": "wrap",
                      "justifyContent": "flex-start",
                      "minHeight": 360,
                      "paddingBottom": 0,
                      "paddingLeft": 22,
                      "paddingRight": 22,
                      "paddingTop": 0,
                      "width": "100%",
                    },
                  ]
                }
              >
                <View
                  style={
                    Array [
                      Object {
                        "alignItems": "center",
                        "flexDirection": "row",
                        "height": 68,
                        "justifyContent": "flex-start",
                        "width": "100%",
                      },
                    ]
                  }
                >
                  <
                    activeOpacity={0.7}
                    style={
                      Object {
                        "flexDirection": "row",
                      }
                    }
                  >
                    <Image
                      source={
                        Object {
                          "canInstrument": true,
                          "createTransformer": [Function],
                          "getCacheKey": [Function],
                          "process": [Function],
                        }
                      }
                      style={
                        Object {
                          "borderRadius": 18,
                          "height": 36,
                          "width": 36,
                        }
                      }
                    />
                    <View
                      style={
                        Array [
                          Object {
                            "flexDirection": "column",
                            "justifyContent": "center",
                          },
                          Object {
                            "marginLeft": 6,
                          },
                        ]
                      }
                    >
                      <Text
                        style={
                          Array [
                            Object {
                              "color": "black",
                              "fontSize": 14,
                            },
                            Object {
                              "fontWeight": "bold",
                            },
                          ]
                        }
                      >
                        unnamed
                      </Text>
                      <Text
                        style={
                          Array [
                            Object {
                              "color": "black",
                              "fontSize": 14,
                            },
                            Object {
                              "color": "#808080",
                              "fontSize": 12,
                              "marginTop": 6,
                            },
                          ]
                        }
                      >
                        
                      </Text>
                    </View>
                  </>
                  <SvgMock
                    fill="#1E6EFA"
                    height={24}
                    style={
                      Object {
                        "position": "absolute",
                        "right": 0,
                      }
                    }
                    width={24}
                  />
                </View>
                <Text
                  numberOfLines={5}
                  style={
                    Array [
                      Object {
                        "color": "black",
                        "fontSize": 14,
                      },
                    ]
                  }
                />
                <View
                  style={
                    Object {
                      "width": "100%",
                    }
                  }
                >
                  <ScrollView
                    horizontal={true}
                    style={
                      Object {
                        "marginVertical": 10,
                      }
                    }
                  />
                </View>
              </View>
            </View>
          </ScrollView>
          <View
            style={
              Array [
                Object {
                  "alignItems": "center",
                  "alignSelf": "stretch",
                  "flexDirection": "row",
                  "shadowColor": "rgba(0, 0, 0, 0.12)",
                  "shadowOffset": Object {
                    "height": -2,
                    "width": 0,
                  },
                  "shadowOpacity": 1,
                  "shadowRadius": 4,
                  "width": "100%",
                },
              ]
            }
          >
            <TextInput
              allowFontScaling={true}
              multiline={true}
              placeholder="Please write a reply"
              placeholderTextColor="#808080"
              rejectResponderTermination={true}
              style={
                Array [
                  Object {
                    "alignItems": "center",
                    "alignSelf": "stretch",
                    "color": "black",
                    "flexDirection": "row",
                    "fontSize": 14,
                    "paddingBottom": 16,
                    "paddingLeft": 20,
                    "paddingRight": 20,
                    "paddingTop": 16,
                    "width": "100%",
                  },
                  Object {
                    "backgroundColor": "#ffffff",
                    "color": "black",
                  },
                ]
              }
              underlineColorAndroid="transparent"
              value=""
            />
            <
              style={
                Object {
                  "paddingHorizontal": 12,
                  "paddingVertical": 4,
                  "position": "absolute",
                  "right": 4,
                }
              }
            >
              <SvgMock
                fill="#1E6EFA"
                width={26}
              />
            </>
          </View>
        </View>
      </SafeAreaView>
    </View>
  </View>
</View>
`;

exports[`Rendering renders without crashing 1`] = `
<View
  pointerEvents="box-none"
  style={
    Object {
      "flex": 1,
    }
  }
>
  <View
    collapsable={true}
    pointerEvents="box-none"
    style={
      Object {
        "flex": 1,
      }
    }
  >
    <View
      style={
        Object {
          "flex": 1,
        }
      }
    >
      <SafeAreaView
        style={
          Array [
            Object {
              "backgroundColor": "#ffffff",
              "flexBasis": 0,
              "flexGrow": 1,
              "flexShrink": 1,
              "width": "100%",
            },
          ]
        }
      >
        <View
          style={
            Array [
              Array [
                Object {
                  "alignItems": "flex-start",
                  "alignSelf": "stretch",
                  "flexBasis": 0,
                  "flexDirection": "column",
                  "flexGrow": 1,
                  "flexShrink": 1,
                  "justifyContent": "flex-start",
                },
              ],
              Object {
                "paddingBottom": 0,
              },
            ]
          }
        >
          <ScrollView
            ListHeaderComponent={
              <FeedListItem
                activity={
                  Object {
                    "id": "string",
                    "text": "string",
                    "urls": Array [],
                    "writerId": "string",
                  }
                }
                hideMoreIcon={true}
                hideTools={true}
              />
            }
            data={Array []}
            disableVirtualization={false}
            horizontal={false}
            initialNumToRender={10}
            maxToRenderPerBatch={10}
            onEndReachedThreshold={2}
            removeClippedSubviews={false}
            scrollEventThrottle={50}
            stickyHeaderIndices={Array []}
            style={
              Object {
                "width": "100%",
              }
            }
            updateCellsBatchingPeriod={50}
            viewabilityConfigCallbackPairs={Array []}
            windowSize={21}
          >
            <View>
              <View
                style={
                  Array [
                    Object {
                      "alignItems": "flex-start",
                      "borderBottomColor": "#E6E6E6",
                      "borderBottomWidth": 1,
                      "flexDirection": "column",
                      "flexWrap": "wrap",
                      "justifyContent": "flex-start",
                      "minHeight": 360,
                      "paddingBottom": 0,
                      "paddingLeft": 22,
                      "paddingRight": 22,
                      "paddingTop": 0,
                      "width": "100%",
                    },
                  ]
                }
              >
                <View
                  style={
                    Array [
                      Object {
                        "alignItems": "center",
                        "flexDirection": "row",
                        "height": 68,
                        "justifyContent": "flex-start",
                        "width": "100%",
                      },
                    ]
                  }
                >
                  <
                    activeOpacity={0.7}
                    style={
                      Object {
                        "flexDirection": "row",
                      }
                    }
                  >
                    <Image
                      source={
                        Object {
                          "canInstrument": true,
                          "createTransformer": [Function],
                          "getCacheKey": [Function],
                          "process": [Function],
                        }
                      }
                      style={
                        Object {
                          "borderRadius": 18,
                          "height": 36,
                          "width": 36,
                        }
                      }
                    />
                    <View
                      style={
                        Array [
                          Object {
                            "flexDirection": "column",
                            "justifyContent": "center",
                          },
                          Object {
                            "marginLeft": 6,
                          },
                        ]
                      }
                    >
                      <Text
                        style={
                          Array [
                            Object {
                              "color": "black",
                              "fontSize": 14,
                            },
                            Object {
                              "fontWeight": "bold",
                            },
                          ]
                        }
                      >
                        unnamed
                      </Text>
                      <Text
                        style={
                          Array [
                            Object {
                              "color": "black",
                              "fontSize": 14,
                            },
                            Object {
                              "color": "#808080",
                              "fontSize": 12,
                              "marginTop": 6,
                            },
                          ]
                        }
                      >
                        
                      </Text>
                    </View>
                  </>
                  <SvgMock
                    fill="#1E6EFA"
                    height={24}
                    style={
                      Object {
                        "position": "absolute",
                        "right": 0,
                      }
                    }
                    width={24}
                  />
                </View>
                <Text
                  numberOfLines={5}
                  style={
                    Array [
                      Object {
                        "color": "black",
                        "fontSize": 14,
                      },
                    ]
                  }
                />
                <View
                  style={
                    Object {
                      "width": "100%",
                    }
                  }
                >
                  <ScrollView
                    horizontal={true}
                    style={
                      Object {
                        "marginVertical": 10,
                      }
                    }
                  />
                </View>
              </View>
            </View>
          </ScrollView>
          <View
            style={
              Array [
                Object {
                  "alignItems": "center",
                  "alignSelf": "stretch",
                  "flexDirection": "row",
                  "shadowColor": "rgba(0, 0, 0, 0.12)",
                  "shadowOffset": Object {
                    "height": -2,
                    "width": 0,
                  },
                  "shadowOpacity": 1,
                  "shadowRadius": 4,
                  "width": "100%",
                },
              ]
            }
          >
            <TextInput
              allowFontScaling={true}
              multiline={true}
              placeholder="Please write a reply"
              placeholderTextColor="#808080"
              rejectResponderTermination={true}
              style={
                Array [
                  Object {
                    "alignItems": "center",
                    "alignSelf": "stretch",
                    "color": "black",
                    "flexDirection": "row",
                    "fontSize": 14,
                    "paddingBottom": 16,
                    "paddingLeft": 20,
                    "paddingRight": 20,
                    "paddingTop": 16,
                    "width": "100%",
                  },
                  Object {
                    "backgroundColor": "#ffffff",
                    "color": "black",
                  },
                ]
              }
              underlineColorAndroid="transparent"
              value=""
            />
            <
              style={
                Object {
                  "paddingHorizontal": 12,
                  "paddingVertical": 4,
                  "position": "absolute",
                  "right": 4,
                }
              }
            >
              <SvgMock
                fill="#1E6EFA"
                width={26}
              />
            </>
          </View>
        </View>
      </SafeAreaView>
    </View>
  </View>
</View>
`;
