// Jest Snapshot v1, https://goo.gl/fbAQLP

exports[`Interaction should simulate onClick 1`] = `
<View
  pointerEvents="box-none"
  style={
    Object {
      "flex": 1,
    }
  }
>
  <View
    collapsable={true}
    pointerEvents="box-none"
    style={
      Object {
        "flex": 1,
      }
    }
  >
    <View
      style={
        Object {
          "flex": 1,
        }
      }
    >
      <SafeAreaView
        style={
          Array [
            Object {
              "alignItems": "center",
              "backgroundColor": "#ffffff",
              "flexBasis": 0,
              "flexDirection": "column",
              "flexGrow": 1,
              "flexShrink": 1,
              "justifyContent": "flex-start",
              "shadowColor": "rgba(34, 34, 34, 0.14)",
              "shadowOffset": Object {
                "height": 4,
                "width": 4,
              },
              "shadowOpacity": 1,
              "shadowRadius": 12,
            },
          ]
        }
      >
        <ScrollView
          contentContainerStyle={
            Object {
              "alignItems": "center",
              "justifyContent": "center",
              "width": "100%",
            }
          }
          style={
            Object {
              "width": "100%",
            }
          }
        >
          <View
            style={
              Array [
                Object {
                  "backgroundColor": "#ffffff",
                  "borderColor": "#E6E6E6",
                  "borderRadius": 12,
                  "borderStyle": "solid",
                  "borderWidth": 1,
                  "flexDirection": "column",
                  "height": 212,
                  "paddingBottom": 24,
                  "paddingLeft": 30,
                  "paddingRight": 30,
                  "paddingTop": 24,
                  "width": 329,
                },
                Object {
                  "marginTop": 34,
                },
              ]
            }
          >
            <View
              style={
                Array [
                  Object {
                    "flexDirection": "row",
                  },
                ]
              }
            >
              <Image
                resizeMethod="resize"
                source={
                  Object {
                    "canInstrument": true,
                    "createTransformer": [Function],
                    "getCacheKey": [Function],
                    "process": [Function],
                  }
                }
                style={
                  Array [
                    Object {
                      "borderRadius": 35,
                      "height": 70,
                      "width": 70,
                    },
                  ]
                }
              />
              <View
                style={
                  Array [
                    Object {
                      "alignItems": "flex-start",
                      "flexDirection": "column",
                      "justifyContent": "center",
                    },
                    Object {
                      "marginLeft": 15,
                    },
                  ]
                }
              >
                <TouchableOpacity
                  activeOpacity={0.2}
                >
                  <View
                    style={
                      Array [
                        Object {
                          "alignItems": "center",
                          "flexDirection": "row",
                        },
                      ]
                    }
                  >
                    <Text
                      style={
                        Array [
                          Object {
                            "color": "black",
                            "fontSize": 24,
                          },
                          Object {
                            "marginRight": 4.5,
                          },
                        ]
                      }
                    >
                      testDisplayName
                    </Text>
                    <SvgMock
                      fill="black"
                    />
                  </View>
                </TouchableOpacity>
                <TouchableOpacity
                  activeOpacity={0.2}
                  style={
                    Object {
                      "marginTop": 2,
                    }
                  }
                >
                  <Text
                    style={
                      Object {
                        "color": "#808080",
                        "fontSize": 12,
                      }
                    }
                  >
                    Logout
                  </Text>
                </TouchableOpacity>
              </View>
            </View>
            <View
              style={
                Array [
                  Object {
                    "alignItems": "center",
                    "flexDirection": "row",
                    "justifyContent": "space-between",
                    "marginTop": 18,
                  },
                ]
              }
            >
              <View
                style={
                  Array [
                    Object {
                      "alignItems": "center",
                      "flexDirection": "column",
                      "justifyContent": "center",
                      "width": 82,
                    },
                  ]
                }
              >
                <Text
                  numberOfLines={1}
                  style={
                    Array [
                      Object {
                        "color": "#444444",
                        "fontSize": 14,
                        "fontWeight": "bold",
                      },
                    ]
                  }
                >
                  Mission
                </Text>
                <Text
                  numberOfLines={1}
                  style={
                    Array [
                      Object {
                        "color": "#444444",
                        "fontSize": 24,
                        "marginTop": 8,
                      },
                    ]
                  }
                >
                  0
                </Text>
              </View>
              <View
                style={
                  Array [
                    Object {
                      "backgroundColor": "#E6E6E6",
                      "height": 32,
                      "width": 1,
                    },
                  ]
                }
              />
              <View
                style={
                  Array [
                    Object {
                      "alignItems": "center",
                      "flexDirection": "column",
                      "justifyContent": "center",
                      "width": 82,
                    },
                  ]
                }
              >
                <Text
                  numberOfLines={1}
                  style={
                    Array [
                      Object {
                        "color": "#444444",
                        "fontSize": 14,
                        "fontWeight": "bold",
                      },
                    ]
                  }
                >
                  Rank
                </Text>
                <Text
                  numberOfLines={1}
                  style={
                    Array [
                      Object {
                        "color": "#444444",
                        "fontSize": 24,
                        "marginTop": 8,
                      },
                    ]
                  }
                >
                  0
                </Text>
              </View>
              <View
                style={
                  Array [
                    Object {
                      "backgroundColor": "#E6E6E6",
                      "height": 32,
                      "width": 1,
                    },
                  ]
                }
              />
              <View
                style={
                  Array [
                    Object {
                      "alignItems": "center",
                      "flexDirection": "column",
                      "justifyContent": "center",
                      "width": 82,
                    },
                  ]
                }
              >
                <Text
                  numberOfLines={1}
                  style={
                    Array [
                      Object {
                        "color": "#444444",
                        "fontSize": 14,
                        "fontWeight": "bold",
                      },
                    ]
                  }
                >
                  Feed
                </Text>
                <Text
                  numberOfLines={1}
                  style={
                    Array [
                      Object {
                        "color": "#444444",
                        "fontSize": 24,
                        "marginTop": 8,
                      },
                    ]
                  }
                >
                  0
                </Text>
              </View>
            </View>
          </View>
          <View
            style={
              Object {
                "marginTop": 8,
                "width": "100%",
              }
            }
          >
            <View
              style={
                Object {
                  "alignItems": "center",
                  "alignSelf": "stretch",
                  "backgroundColor": "transparent",
                  "borderColor": "#E6E6E6",
                  "borderWidth": 0,
                  "flexDirection": "row",
                  "justifyContent": "center",
                  "marginHorizontal": 40,
                  "marginTop": 32,
                  "minHeight": 40,
                }
              }
            >
              <TouchableOpacity
                activeOpacity={0.2}
                style={
                  Object {
                    "flex": 1,
                  }
                }
                testID="CHILD_0"
              >
                <View
                  style={
                    Object {
                      "alignItems": "center",
                      "backgroundColor": "#444444",
                      "borderBottomLeftRadius": 8,
                      "borderTopLeftRadius": 8,
                      "flex": 1,
                      "justifyContent": "center",
                      "minHeight": 40,
                    }
                  }
                >
                  <Text
                    style={
                      Object {
                        "alignSelf": "center",
                        "color": "#ffffff",
                      }
                    }
                  >
                    Feeds
                  </Text>
                </View>
              </TouchableOpacity>
              <TouchableOpacity
                activeOpacity={0.2}
                style={
                  Object {
                    "flex": 1,
                  }
                }
                testID="CHILD_1"
              >
                <View
                  style={
                    Object {
                      "alignItems": "center",
                      "borderBottomRightRadius": 8,
                      "borderColor": "#E6E6E6",
                      "borderTopRightRadius": 8,
                      "borderWidth": 1,
                      "flex": 1,
                      "justifyContent": "center",
                      "minHeight": 40,
                    }
                  }
                >
                  <Text
                    style={
                      Object {
                        "color": "#808080",
                      }
                    }
                  >
                    Badges
                  </Text>
                </View>
              </TouchableOpacity>
            </View>
            <View
              style={
                Object {
                  "alignItems": "center",
                  "justifyContent": "center",
                }
              }
            >
              <View
                style={
                  Array [
                    Object {
                      "alignItems": "center",
                      "flexDirection": "column",
                      "justifyContent": "center",
                      "paddingBottom": 40,
                      "paddingTop": 18,
                      "width": "100%",
                    },
                  ]
                }
              />
            </View>
          </View>
        </ScrollView>
      </SafeAreaView>
    </View>
  </View>
</View>
`;

exports[`Rendering renders without crashing 1`] = `
<View
  pointerEvents="box-none"
  style={
    Object {
      "flex": 1,
    }
  }
>
  <View
    collapsable={true}
    pointerEvents="box-none"
    style={
      Object {
        "flex": 1,
      }
    }
  >
    <View
      style={
        Object {
          "flex": 1,
        }
      }
    >
      <SafeAreaView
        style={
          Array [
            Object {
              "alignItems": "center",
              "backgroundColor": "#ffffff",
              "flexBasis": 0,
              "flexDirection": "column",
              "flexGrow": 1,
              "flexShrink": 1,
              "justifyContent": "flex-start",
              "shadowColor": "rgba(34, 34, 34, 0.14)",
              "shadowOffset": Object {
                "height": 4,
                "width": 4,
              },
              "shadowOpacity": 1,
              "shadowRadius": 12,
            },
          ]
        }
      >
        <ScrollView
          contentContainerStyle={
            Object {
              "alignItems": "center",
              "justifyContent": "center",
              "width": "100%",
            }
          }
          style={
            Object {
              "width": "100%",
            }
          }
        >
          <View
            style={
              Array [
                Object {
                  "backgroundColor": "#ffffff",
                  "borderColor": "#E6E6E6",
                  "borderRadius": 12,
                  "borderStyle": "solid",
                  "borderWidth": 1,
                  "flexDirection": "column",
                  "height": 212,
                  "paddingBottom": 24,
                  "paddingLeft": 30,
                  "paddingRight": 30,
                  "paddingTop": 24,
                  "width": 329,
                },
                Object {
                  "marginTop": 34,
                },
              ]
            }
          >
            <View
              style={
                Array [
                  Object {
                    "flexDirection": "row",
                  },
                ]
              }
            >
              <Image
                resizeMethod="resize"
                source={
                  Object {
                    "canInstrument": true,
                    "createTransformer": [Function],
                    "getCacheKey": [Function],
                    "process": [Function],
                  }
                }
                style={
                  Array [
                    Object {
                      "borderRadius": 35,
                      "height": 70,
                      "width": 70,
                    },
                  ]
                }
              />
              <View
                style={
                  Array [
                    Object {
                      "alignItems": "flex-start",
                      "flexDirection": "column",
                      "justifyContent": "center",
                    },
                    Object {
                      "marginLeft": 15,
                    },
                  ]
                }
              >
                <TouchableOpacity
                  activeOpacity={0.2}
                >
                  <View
                    style={
                      Array [
                        Object {
                          "alignItems": "center",
                          "flexDirection": "row",
                        },
                      ]
                    }
                  >
                    <Text
                      style={
                        Array [
                          Object {
                            "color": "black",
                            "fontSize": 24,
                          },
                          Object {
                            "marginRight": 4.5,
                          },
                        ]
                      }
                    >
                      testDisplayName
                    </Text>
                    <SvgMock
                      fill="black"
                    />
                  </View>
                </TouchableOpacity>
                <TouchableOpacity
                  activeOpacity={0.2}
                  style={
                    Object {
                      "marginTop": 2,
                    }
                  }
                >
                  <Text
                    style={
                      Object {
                        "color": "#808080",
                        "fontSize": 12,
                      }
                    }
                  >
                    Logout
                  </Text>
                </TouchableOpacity>
              </View>
            </View>
            <View
              style={
                Array [
                  Object {
                    "alignItems": "center",
                    "flexDirection": "row",
                    "justifyContent": "space-between",
                    "marginTop": 18,
                  },
                ]
              }
            >
              <View
                style={
                  Array [
                    Object {
                      "alignItems": "center",
                      "flexDirection": "column",
                      "justifyContent": "center",
                      "width": 82,
                    },
                  ]
                }
              >
                <Text
                  numberOfLines={1}
                  style={
                    Array [
                      Object {
                        "color": "#444444",
                        "fontSize": 14,
                        "fontWeight": "bold",
                      },
                    ]
                  }
                >
                  Mission
                </Text>
                <Text
                  numberOfLines={1}
                  style={
                    Array [
                      Object {
                        "color": "#444444",
                        "fontSize": 24,
                        "marginTop": 8,
                      },
                    ]
                  }
                >
                  0
                </Text>
              </View>
              <View
                style={
                  Array [
                    Object {
                      "backgroundColor": "#E6E6E6",
                      "height": 32,
                      "width": 1,
                    },
                  ]
                }
              />
              <View
                style={
                  Array [
                    Object {
                      "alignItems": "center",
                      "flexDirection": "column",
                      "justifyContent": "center",
                      "width": 82,
                    },
                  ]
                }
              >
                <Text
                  numberOfLines={1}
                  style={
                    Array [
                      Object {
                        "color": "#444444",
                        "fontSize": 14,
                        "fontWeight": "bold",
                      },
                    ]
                  }
                >
                  Rank
                </Text>
                <Text
                  numberOfLines={1}
                  style={
                    Array [
                      Object {
                        "color": "#444444",
                        "fontSize": 24,
                        "marginTop": 8,
                      },
                    ]
                  }
                >
                  0
                </Text>
              </View>
              <View
                style={
                  Array [
                    Object {
                      "backgroundColor": "#E6E6E6",
                      "height": 32,
                      "width": 1,
                    },
                  ]
                }
              />
              <View
                style={
                  Array [
                    Object {
                      "alignItems": "center",
                      "flexDirection": "column",
                      "justifyContent": "center",
                      "width": 82,
                    },
                  ]
                }
              >
                <Text
                  numberOfLines={1}
                  style={
                    Array [
                      Object {
                        "color": "#444444",
                        "fontSize": 14,
                        "fontWeight": "bold",
                      },
                    ]
                  }
                >
                  Feed
                </Text>
                <Text
                  numberOfLines={1}
                  style={
                    Array [
                      Object {
                        "color": "#444444",
                        "fontSize": 24,
                        "marginTop": 8,
                      },
                    ]
                  }
                >
                  0
                </Text>
              </View>
            </View>
          </View>
          <View
            style={
              Object {
                "marginTop": 8,
                "width": "100%",
              }
            }
          >
            <View
              style={
                Object {
                  "alignItems": "center",
                  "alignSelf": "stretch",
                  "backgroundColor": "transparent",
                  "borderColor": "#E6E6E6",
                  "borderWidth": 0,
                  "flexDirection": "row",
                  "justifyContent": "center",
                  "marginHorizontal": 40,
                  "marginTop": 32,
                  "minHeight": 40,
                }
              }
            >
              <TouchableOpacity
                activeOpacity={0.2}
                style={
                  Object {
                    "flex": 1,
                  }
                }
                testID="CHILD_0"
              >
                <View
                  style={
                    Object {
                      "alignItems": "center",
                      "backgroundColor": "#444444",
                      "borderBottomLeftRadius": 8,
                      "borderTopLeftRadius": 8,
                      "flex": 1,
                      "justifyContent": "center",
                      "minHeight": 40,
                    }
                  }
                >
                  <Text
                    style={
                      Object {
                        "alignSelf": "center",
                        "color": "#ffffff",
                      }
                    }
                  >
                    Feeds
                  </Text>
                </View>
              </TouchableOpacity>
              <TouchableOpacity
                activeOpacity={0.2}
                style={
                  Object {
                    "flex": 1,
                  }
                }
                testID="CHILD_1"
              >
                <View
                  style={
                    Object {
                      "alignItems": "center",
                      "borderBottomRightRadius": 8,
                      "borderColor": "#E6E6E6",
                      "borderTopRightRadius": 8,
                      "borderWidth": 1,
                      "flex": 1,
                      "justifyContent": "center",
                      "minHeight": 40,
                    }
                  }
                >
                  <Text
                    style={
                      Object {
                        "color": "#808080",
                      }
                    }
                  >
                    Badges
                  </Text>
                </View>
              </TouchableOpacity>
            </View>
            <View
              style={
                Object {
                  "alignItems": "center",
                  "justifyContent": "center",
                }
              }
            >
              <View
                style={
                  Array [
                    Object {
                      "alignItems": "center",
                      "flexDirection": "column",
                      "justifyContent": "center",
                      "paddingBottom": 40,
                      "paddingTop": 18,
                      "width": "100%",
                    },
                  ]
                }
              />
            </View>
          </View>
        </ScrollView>
      </SafeAreaView>
    </View>
  </View>
</View>
`;
